# gpu    pwr  gtemp  mtemp     sm    mem    enc    dec    jpg    ofa     fb   bar1   ccpm 
# Idx      W      C      C      %      %      %      %      %      %     MB     MB     MB 
    0     24     62      -      0      0      0      0      0      0      -      -      0 
    0     24     61      -      1      0      0      0      0      0      -      -      0 
    0     75     64      -     96      0      0      0      0      0      -      -      0 
    0     85     65      -     96      0      0      0      0      0      -      -      0 
    0     87     73      -     96      0      0      0      0      0      -      -      0 
    0     88     73      -     96      0      0      0      0      0      -      -      0 
    0     88     73      -     96      0      0      0      0      0      -      -      0 
    0     89     74      -     96      0      0      0      0      0      -      -      0 
    0     89     75      -     78      0      0      0      0      0      -      -      0 
    0     89     75      -     96      0      0      0      0      0      -      -      0 
    0     89     75      -     96      0      0      0      0      0      -      -      0 
    0     90     76      -     96      0      0      0      0      0      -      -      0 
    0     89     76      -     96      0      0      0      0      0      -      -      0 
    0     90     75      -     96      0      0      0      0      0      -      -      0 
    0     90     76      -     96      0      0      0      0      0      -      -      0 
    0     91     77      -     96      0      0      0      0      0      -      -      0 
    0     90     77      -     96      0      0      0      0      0      -      -      0 
    0     91     76      -     96      0      0      0      0      0      -      -      0 
    0     90     78      -     96      0      0      0      0      0      -      -      0 
    0     91     78      -     96      0      0      0      0      0      -      -      0 
    0     91     78      -     96      0      0      0      0      0      -      -      0 
    0     91     79      -     96      0      0      0      0      0      -      -      0 
    0     91     78      -     96      0      0      0      0      0      -      -      0 
    0     91     78      -     96      0      0      0      0      0      -      -      0 
    0     91     78      -     96      0      0      0      0      0      -      -      0 
    0     91     79      -     96      0      0      0      0      0      -      -      0 
    0     91     79      -     94      0      0      0      0      0      -      -      0 
    0     89     79      -     95      0      0      0      0      0      -      -      0 
    0     91     79      -     95      0      0      0      0      0      -      -      0 
    0     91     80      -     95      0      0      0      0      0      -      -      0 
    0     91     79      -     96      0      0      0      0      0      -      -      0 
    0     91     79      -     95      0      0      0      0      0      -      -      0 
    0     91     80      -     96      0      0      0      0      0      -      -      0 
    0     91     81      -     96      0      0      0      0      0      -      -      0 
    0     91     80      -     96      0      0      0      0      0      -      -      0 
    0     91     80      -     96      0      0      0      0      0      -      -      0 
    0     91     80      -     96      0      0      0      0      0      -      -      0 
    0     90     80      -     96      0      0      0      0      0      -      -      0 
    0     90     80      -     96      0      0      0      0      0      -      -      0 
    0     90     80      -     96      0      0      0      0      0      -      -      0 
    0     88     80      -     96      0      0      0      0      0      -      -      0 
    0     89     81      -     96      0      0      0      0      0      -      -      0 
    0     89     80      -     96      0      0      0      0      0      -      -      0 
    0     89     80      -     96      0      0      0      0      0      -      -      0 
# gpu    pwr  gtemp  mtemp     sm    mem    enc    dec    jpg    ofa     fb   bar1   ccpm 
# Idx      W      C      C      %      %      %      %      %      %     MB     MB     MB 
    0     89     80      -     96      0      0      0      0      0      -      -      0 
    0     90     79      -     96      0      0      0      0      0      -      -      0 
    0     89     81      -     96      0      0      0      0      0      -      -      0 
    0     89     81      -     96      0      0      0      0      0      -      -      0 
    0     89     80      -     96      0      0      0      0      0      -      -      0 
    0     89     80      -     96      0      0      0      0      0      -      -      0 
    0     89     81      -     96      0      0      0      0      0      -      -      0 
    0     89     80      -     96      0      0      0      0      0      -      -      0 
    0     90     80      -     96      0      0      0      0      0      -      -      0 
    0     90     81      -     96      0      0      0      0      0      -      -      0 
    0     90     80      -     96      0      0      0      0      0      -      -      0 
    0     89     80      -     96      0      0      0      0      0      -      -      0 
    0     89     80      -     96      0      0      0      0      0      -      -      0 
    0     90     80      -     96      0      0      0      0      0      -      -      0 
    0     87     80      -     96      0      0      0      0      0      -      -      0 
    0     88     80      -     96      0      0      0      0      0      -      -      0 
    0     89     81      -     96      0      0      0      0      0      -      -      0 
    0     89     81      -     96      0      0      0      0      0      -      -      0 
    0     89     80      -     96      0      0      0      0      0      -      -      0 
    0     89     80      -     96      0      0      0      0      0      -      -      0 
    0     87     80      -     96      0      0      0      0      0      -      -      0 
    0     89     79      -     96      0      0      0      0      0      -      -      0 
    0     89     80      -     96      0      0      0      0      0      -      -      0 
    0     86     75      -     82      0      0      0      0      0      -      -      0 
    0     54     76      -     96      0      0      0      0      0      -      -      0 
    0     54     75      -     96      0      0      0      0      0      -      -      0 
    0     54     77      -     96      0      0      0      0      0      -      -      0 
    0     54     74      -     96      0      0      0      0      0      -      -      0 
    0     53     74      -     96      0      0      0      0      0      -      -      0 
    0     53     73      -     96      0      0      0      0      0      -      -      0 
    0     55     77      -     96      0      0      0      0      0      -      -      0 
    0     52     73      -     96      0      0      0      0      0      -      -      0 
    0     54     73      -     96      0      0      0      0      0      -      -      0 
    0     54     73      -     96      0      0      0      0      0      -      -      0 
    0     52     72      -     96      0      0      0      0      0      -      -      0 
