# gpu    pwr  gtemp  mtemp     sm    mem    enc    dec    jpg    ofa     fb   bar1   ccpm 
# Idx      W      C      C      %      %      %      %      %      %     MB     MB     MB 
    0     32     70      -      0      0      0      0      0      0      -      -      0 
    0     58     78      -     96      0      0      0      0      0      -      -      0 
    0     91     78      -     96      0      0      0      0      0      -      -      0 
    0     91     77      -     96      0      0      0      0      0      -      -      0 
    0     91     80      -     93      0      0      0      0      0      -      -      0 
    0     91     79      -     96      0      0      0      0      0      -      -      0 
    0     91     79      -     96      0      0      0      0      0      -      -      0 
    0     91     79      -     96      0      0      0      0      0      -      -      0 
    0     91     79      -     96      0      0      0      0      0      -      -      0 
    0     91     78      -     96      0      0      0      0      0      -      -      0 
    0     88     79      -     96      0      0      0      0      0      -      -      0 
    0     91     79      -     96      0      0      0      0      0      -      -      0 
    0     91     79      -     96      0      0      0      0      0      -      -      0 
    0     91     80      -     96      0      0      0      0      0      -      -      0 
    0     91     80      -     96      0      0      0      0      0      -      -      0 
    0     91     80      -     96      0      0      0      0      0      -      -      0 
    0     91     79      -     96      0      0      0      0      0      -      -      0 
    0     91     79      -     96      0      0      0      0      0      -      -      0 
    0     91     79      -     96      0      0      0      0      0      -      -      0 
    0     91     80      -     96      0      0      0      0      0      -      -      0 
    0     91     80      -     96      0      0      0      0      0      -      -      0 
    0     91     80      -     96      0      0      0      0      0      -      -      0 
    0     91     80      -     96      0      0      0      0      0      -      -      0 
    0     91     80      -     96      0      0      0      0      0      -      -      0 
    0     91     80      -     96      0      0      0      0      0      -      -      0 
    0     91     79      -     96      0      0      0      0      0      -      -      0 
    0     91     79      -     96      0      0      0      0      0      -      -      0 
    0     91     81      -     96      0      0      0      0      0      -      -      0 
    0     90     79      -     96      0      0      0      0      0      -      -      0 
    0     89     79      -     96      0      0      0      0      0      -      -      0 
    0     89     81      -     96      0      0      0      0      0      -      -      0 
    0     89     80      -     96      0      0      0      0      0      -      -      0 
    0     89     80      -     96      0      0      0      0      0      -      -      0 
    0     89     80      -     96      0      0      0      0      0      -      -      0 
    0     89     80      -     96      0      0      0      0      0      -      -      0 
    0     89     80      -     96      0      0      0      0      0      -      -      0 
    0     89     79      -     96      0      0      0      0      0      -      -      0 
    0     89     81      -     96      0      0      0      0      0      -      -      0 
    0     89     81      -     96      0      0      0      0      0      -      -      0 
    0     89     80      -     96      0      0      0      0      0      -      -      0 
    0     89     80      -     96      0      0      0      0      0      -      -      0 
    0     86     80      -     96      0      0      0      0      0      -      -      0 
    0     89     80      -     96      0      0      0      0      0      -      -      0 
    0     89     80      -     96      0      0      0      0      0      -      -      0 
# gpu    pwr  gtemp  mtemp     sm    mem    enc    dec    jpg    ofa     fb   bar1   ccpm 
# Idx      W      C      C      %      %      %      %      %      %     MB     MB     MB 
    0     89     81      -     96      0      0      0      0      0      -      -      0 
    0     87     80      -     96      0      0      0      0      0      -      -      0 
    0     89     81      -     96      0      0      0      0      0      -      -      0 
    0     89     80      -     96      0      0      0      0      0      -      -      0 
    0     89     81      -     96      0      0      0      0      0      -      -      0 
    0     89     80      -     96      0      0      0      0      0      -      -      0 
    0     89     81      -     96      0      0      0      0      0      -      -      0 
    0     89     81      -     96      0      0      0      0      0      -      -      0 
    0     89     80      -     96      0      0      0      0      0      -      -      0 
    0     89     80      -     96      0      0      0      0      0      -      -      0 
    0     89     81      -     96      0      0      0      0      0      -      -      0 
    0     89     80      -     96      0      0      0      0      0      -      -      0 
    0     89     81      -     96      0      0      0      0      0      -      -      0 
    0     89     80      -     96      0      0      0      0      0      -      -      0 
    0     89     80      -     96      0      0      0      0      0      -      -      0 
    0     89     80      -     96      0      0      0      0      0      -      -      0 
    0     89     81      -     96      0      0      0      0      0      -      -      0 
    0     89     81      -     96      0      0      0      0      0      -      -      0 
    0     89     81      -     96      0      0      0      0      0      -      -      0 
    0     89     81      -     96      0      0      0      0      0      -      -      0 
    0     89     81      -     96      0      0      0      0      0      -      -      0 
    0     88     81      -     96      0      0      0      0      0      -      -      0 
    0     89     81      -     96      0      0      0      0      0      -      -      0 
    0     58     75      -     96      0      0      0      0      0      -      -      0 
    0     57     79      -     96      0      0      0      0      0      -      -      0 
    0     55     76      -     96      0      0      0      0      0      -      -      0 
    0     51     75      -     96      0      0      0      0      0      -      -      0 
    0     54     74      -     96      0      0      0      0      0      -      -      0 
    0     56     78      -     96      0      0      0      0      0      -      -      0 
    0     54     74      -     96      0      0      0      0      0      -      -      0 
    0     51     73      -     96      0      0      0      0      0      -      -      0 
    0     56     78      -     96      0      0      0      0      0      -      -      0 
    0     53     73      -     96      0      0      0      0      0      -      -      0 
    0     55     74      -     96      0      0      0      0      0      -      -      0 
    0     47     73      -     96      0      0      0      0      0      -      -      0 
    0     32     70      -      0      0      0      0      0      0      -      -      0 
    0     27     70      -      0      0      0      0      0      0      -      -      0 
    0     26     69      -      0      0      0      0      0      0      -      -      0 
    0     27     69      -      0      0      0      0      0      0      -      -      0 
    0     26     68      -      0      0      0      0      0      0      -      -      0 
    0     26     68      -      0      0      0      0      0      0      -      -      0 
