# gpu    pwr  gtemp  mtemp     sm    mem    enc    dec    jpg    ofa     fb   bar1   ccpm 
# Idx      W      C      C      %      %      %      %      %      %     MB     MB     MB 
    0     25     64      -      0      0      0      0      0      0      -      -      0 
    0     29     64      -      0      0      0      0      0      0      -      -      0 
    0     81     65      -     96      0      0      0      0      0      -      -      0 
    0     87     70      -     96      0      0      0      0      0      -      -      0 
    0     90     74      -     96      0      0      0      0      0      -      -      0 
    0     91     75      -     96      0      0      0      0      0      -      -      0 
    0     91     75      -     96      0      0      0      0      0      -      -      0 
    0     91     76      -     96      0      0      0      0      0      -      -      0 
    0     91     77      -     96      0      0      0      0      0      -      -      0 
    0     91     77      -     96      0      0      0      0      0      -      -      0 
    0     91     76      -     96      0      0      0      0      0      -      -      0 
    0     91     77      -     85      0      0      0      0      0      -      -      0 
    0     91     78      -     88      0      0      0      0      0      -      -      0 
    0     91     77      -     96      0      0      0      0      0      -      -      0 
    0     91     78      -     96      0      0      0      0      0      -      -      0 
    0     91     77      -     96      0      0      0      0      0      -      -      0 
    0     91     79      -     96      0      0      0      0      0      -      -      0 
    0     91     79      -     96      0      0      0      0      0      -      -      0 
    0     91     79      -     96      0      0      0      0      0      -      -      0 
    0     91     79      -     96      0      0      0      0      0      -      -      0 
    0     91     79      -     96      0      0      0      0      0      -      -      0 
    0     91     80      -     96      0      0      0      0      0      -      -      0 
    0     91     80      -     96      0      0      0      0      0      -      -      0 
    0     91     80      -     96      0      0      0      0      0      -      -      0 
    0     91     80      -     96      0      0      0      0      0      -      -      0 
    0     91     79      -     96      0      0      0      0      0      -      -      0 
    0     91     80      -     96      0      0      0      0      0      -      -      0 
    0     91     80      -     96      0      0      0      0      0      -      -      0 
    0     91     81      -     96      0      0      0      0      0      -      -      0 
    0     89     79      -     96      0      0      0      0      0      -      -      0 
    0     90     81      -     96      0      0      0      0      0      -      -      0 
    0     91     80      -     95      0      0      0      0      0      -      -      0 
    0     91     81      -     96      0      0      0      0      0      -      -      0 
    0     90     80      -     96      0      0      0      0      0      -      -      0 
    0     91     81      -     96      0      0      0      0      0      -      -      0 
    0     91     81      -     96      0      0      0      0      0      -      -      0 
    0     90     81      -     96      0      0      0      0      0      -      -      0 
    0     90     81      -     96      0      0      0      0      0      -      -      0 
    0     88     80      -     96      0      0      0      0      0      -      -      0 
    0     89     81      -     96      0      0      0      0      0      -      -      0 
    0     89     81      -     96      0      0      0      0      0      -      -      0 
    0     89     81      -     96      0      0      0      0      0      -      -      0 
    0     89     81      -     96      0      0      0      0      0      -      -      0 
    0     89     80      -     96      0      0      0      0      0      -      -      0 
# gpu    pwr  gtemp  mtemp     sm    mem    enc    dec    jpg    ofa     fb   bar1   ccpm 
# Idx      W      C      C      %      %      %      %      %      %     MB     MB     MB 
    0     89     81      -     96      0      0      0      0      0      -      -      0 
    0     89     80      -     96      0      0      0      0      0      -      -      0 
    0     87     81      -     96      0      0      0      0      0      -      -      0 
    0     88     80      -     96      0      0      0      0      0      -      -      0 
    0     89     81      -     96      0      0      0      0      0      -      -      0 
    0     89     80      -     96      0      0      0      0      0      -      -      0 
    0     89     80      -     96      0      0      0      0      0      -      -      0 
    0     89     80      -     96      0      0      0      0      0      -      -      0 
    0     89     80      -     96      0      0      0      0      0      -      -      0 
    0     89     81      -     96      0      0      0      0      0      -      -      0 
    0     89     80      -     96      0      0      0      0      0      -      -      0 
    0     89     81      -     96      0      0      0      0      0      -      -      0 
    0     89     81      -     96      0      0      0      0      0      -      -      0 
    0     89     80      -     96      0      0      0      0      0      -      -      0 
    0     89     80      -     96      0      0      0      0      0      -      -      0 
    0     89     80      -     96      0      0      0      0      0      -      -      0 
    0     87     80      -     96      0      0      0      0      0      -      -      0 
    0     88     80      -     96      0      0      0      0      0      -      -      0 
    0     88     80      -     96      0      0      0      0      0      -      -      0 
    0     89     81      -     96      0      0      0      0      0      -      -      0 
    0     89     81      -     96      0      0      0      0      0      -      -      0 
    0     89     81      -     96      0      0      0      0      0      -      -      0 
    0     89     81      -     96      0      0      0      0      0      -      -      0 
    0     89     80      -     96      0      0      0      0      0      -      -      0 
    0     89     81      -     96      0      0      0      0      0      -      -      0 
    0     89     81      -     96      0      0      0      0      0      -      -      0 
    0     62     74      -     96      0      0      0      0      0      -      -      0 
    0     55     75      -     96      0      0      0      0      0      -      -      0 
    0     57     78      -     96      0      0      0      0      0      -      -      0 
    0     54     76      -     96      0      0      0      0      0      -      -      0 
    0     55     74      -     96      0      0      0      0      0      -      -      0 
    0     55     73      -     96      0      0      0      0      0      -      -      0 
    0     58     79      -     96      0      0      0      0      0      -      -      0 
    0     52     73      -     96      0      0      0      0      0      -      -      0 
    0     55     74      -     96      0      0      0      0      0      -      -      0 
    0     57     78      -     96      0      0      0      0      0      -      -      0 
    0     54     73      -     96      0      0      0      0      0      -      -      0 
