# gpu    pwr  gtemp  mtemp     sm    mem    enc    dec    jpg    ofa     fb   bar1   ccpm 
# Idx      W      C      C      %      %      %      %      %      %     MB     MB     MB 
    0     34     70      -      0      0      0      0      0      0      -      -      0 
    0     67     79      -     96      0      0      0      0      0      -      -      0 
    0     91     78      -     96      0      0      0      0      0      -      -      0 
    0     91     79      -     96      0      0      0      0      0      -      -      0 
    0     91     80      -     94      0      0      0      0      0      -      -      0 
    0     91     79      -     96      0      0      0      0      0      -      -      0 
    0     91     79      -     96      0      0      0      0      0      -      -      0 
    0     91     79      -     96      0      0      0      0      0      -      -      0 
    0     91     79      -     96      0      0      0      0      0      -      -      0 
    0     90     80      -     96      0      0      0      0      0      -      -      0 
    0     88     79      -     96      0      0      0      0      0      -      -      0 
    0     90     80      -     96      0      0      0      0      0      -      -      0 
    0     90     81      -     96      0      0      0      0      0      -      -      0 
    0     91     80      -     96      0      0      0      0      0      -      -      0 
    0     90     79      -     96      0      0      0      0      0      -      -      0 
    0     90     80      -     96      0      0      0      0      0      -      -      0 
    0     91     80      -     96      0      0      0      0      0      -      -      0 
    0     90     80      -     96      0      0      0      0      0      -      -      0 
    0     90     81      -     96      0      0      0      0      0      -      -      0 
    0     90     79      -     96      0      0      0      0      0      -      -      0 
    0     90     80      -     96      0      0      0      0      0      -      -      0 
    0     90     81      -     96      0      0      0      0      0      -      -      0 
    0     90     81      -     96      0      0      0      0      0      -      -      0 
    0     90     80      -     96      0      0      0      0      0      -      -      0 
    0     90     80      -     96      0      0      0      0      0      -      -      0 
    0     89     81      -     96      0      0      0      0      0      -      -      0 
    0     90     81      -     96      0      0      0      0      0      -      -      0 
    0     90     80      -     96      0      0      0      0      0      -      -      0 
    0     88     81      -     96      0      0      0      0      0      -      -      0 
    0     88     80      -     96      0      0      0      0      0      -      -      0 
    0     88     81      -     96      0      0      0      0      0      -      -      0 
    0     88     80      -     96      0      0      0      0      0      -      -      0 
    0     88     80      -     96      0      0      0      0      0      -      -      0 
    0     89     80      -     96      0      0      0      0      0      -      -      0 
    0     89     81      -     96      0      0      0      0      0      -      -      0 
    0     88     80      -     96      0      0      0      0      0      -      -      0 
    0     88     80      -     96      0      0      0      0      0      -      -      0 
    0     89     80      -     96      0      0      0      0      0      -      -      0 
    0     89     81      -     96      0      0      0      0      0      -      -      0 
    0     89     81      -     96      0      0      0      0      0      -      -      0 
    0     89     81      -     96      0      0      0      0      0      -      -      0 
    0     87     81      -     96      0      0      0      0      0      -      -      0 
    0     88     82      -     96      0      0      0      0      0      -      -      0 
    0     88     80      -     96      0      0      0      0      0      -      -      0 
# gpu    pwr  gtemp  mtemp     sm    mem    enc    dec    jpg    ofa     fb   bar1   ccpm 
# Idx      W      C      C      %      %      %      %      %      %     MB     MB     MB 
    0     88     80      -     96      0      0      0      0      0      -      -      0 
    0     88     81      -     96      0      0      0      0      0      -      -      0 
    0     88     80      -     96      0      0      0      0      0      -      -      0 
    0     88     81      -     96      0      0      0      0      0      -      -      0 
    0     88     80      -     96      0      0      0      0      0      -      -      0 
    0     88     81      -     96      0      0      0      0      0      -      -      0 
    0     88     81      -     96      0      0      0      0      0      -      -      0 
    0     88     80      -     96      0      0      0      0      0      -      -      0 
    0     88     80      -     96      0      0      0      0      0      -      -      0 
    0     88     80      -     96      0      0      0      0      0      -      -      0 
    0     88     81      -     96      0      0      0      0      0      -      -      0 
    0     88     81      -     96      0      0      0      0      0      -      -      0 
    0     88     82      -     96      0      0      0      0      0      -      -      0 
    0     88     81      -     96      0      0      0      0      0      -      -      0 
    0     88     81      -     96      0      0      0      0      0      -      -      0 
    0     88     80      -     96      0      0      0      0      0      -      -      0 
    0     88     80      -     96      0      0      0      0      0      -      -      0 
    0     88     80      -     96      0      0      0      0      0      -      -      0 
    0     88     81      -     96      0      0      0      0      0      -      -      0 
    0     88     80      -     96      0      0      0      0      0      -      -      0 
    0     88     81      -     96      0      0      0      0      0      -      -      0 
    0     88     81      -     96      0      0      0      0      0      -      -      0 
    0     88     82      -     96      0      0      0      0      0      -      -      0 
    0     88     80      -     96      0      0      0      0      0      -      -      0 
    0     88     80      -     96      0      0      0      0      0      -      -      0 
    0     77     82      -     96      0      0      0      0      0      -      -      0 
    0     55     75      -     96      0      0      0      0      0      -      -      0 
    0     55     75      -     96      0      0      0      0      0      -      -      0 
    0     55     74      -     96      0      0      0      0      0      -      -      0 
    0     55     79      -     96      0      0      0      0      0      -      -      0 
    0     57     75      -     96      0      0      0      0      0      -      -      0 
    0     55     75      -     96      0      0      0      0      0      -      -      0 
    0     55     74      -     96      0      0      0      0      0      -      -      0 
    0     54     74      -     96      0      0      0      0      0      -      -      0 
    0     57     74      -     96      0      0      0      0      0      -      -      0 
    0     54     73      -     96      0      0      0      0      0      -      -      0 
    0     57     79      -     96      0      0      0      0      0      -      -      0 
    0     45     71      -     96      0      0      0      0      0      -      -      0 
    0     28     70      -      0      0      0      0      0      0      -      -      0 
    0     27     70      -      0      0      0      0      0      0      -      -      0 
    0     27     69      -      0      0      0      0      0      0      -      -      0 
    0     26     69      -      0      0      0      0      0      0      -      -      0 
    0     26     68      -      0      0      0      0      0      0      -      -      0 
